// Jest Snapshot v1, https://goo.gl/fbAQLP

exports[`test ConferenceButton component component should render successfully 1`] = `ShallowWrapper {}`;
