// Jest Snapshot v1, https://goo.gl/fbAQLP

exports[`test ConferenceMonitor component component should render successfully 1`] = `ShallowWrapper {}`;
